Copyright 1986-2022 Xilinx, Inc. All Rights Reserved. Copyright 2022-2023 Advanced Micro Devices, Inc. All Rights Reserved.
-------------------------------------------------------------------------------------------------------------------------------------------------------
| Tool Version     : Vivado v.2023.1 (win64) Build 3865809 Sun May  7 15:05:29 MDT 2023
| Date             : Tue Sep 26 21:55:27 2023
| Host             : DESKTOP-EV5Q276 running 64-bit major release  (build 9200)
| Command          : report_power -file top_wrapper_power_routed.rpt -pb top_wrapper_power_summary_routed.pb -rpx top_wrapper_power_routed.rpx
| Design           : top_wrapper
| Device           : xc7z010clg400-2
| Design State     : routed
| Grade            : commercial
| Process          : typical
| Characterization : Production
-------------------------------------------------------------------------------------------------------------------------------------------------------

Power Report

Table of Contents
-----------------
1. Summary
1.1 On-Chip Components
1.2 Power Supply Summary
1.3 Confidence Level
2. Settings
2.1 Environment
2.2 Clock Constraints
3. Detailed Reports
3.1 By Hierarchy

1. Summary
----------

+--------------------------+--------------+
| Total On-Chip Power (W)  | 1.291        |
| Design Power Budget (W)  | Unspecified* |
| Power Budget Margin (W)  | NA           |
| Dynamic (W)              | 1.178        |
| Device Static (W)        | 0.113        |
| Effective TJA (C/W)      | 6.0          |
| Max Ambient (C)          | 77.2         |
| Junction Temperature (C) | 32.8         |
| Confidence Level         | Low          |
| Setting File             | ---          |
| Simulation Activity File | ---          |
| Design Nets Matched      | NA           |
+--------------------------+--------------+
* Specify Design Power Budget using, set_operating_conditions -design_power_budget <value in Watts>


1.1 On-Chip Components
----------------------

+--------------------------+-----------+----------+-----------+-----------------+
| On-Chip                  | Power (W) | Used     | Available | Utilization (%) |
+--------------------------+-----------+----------+-----------+-----------------+
| Clocks                   |     0.047 |        9 |       --- |             --- |
| Slice Logic              |     0.018 |    39696 |       --- |             --- |
|   LUT as Logic           |     0.014 |    11261 |     17600 |           63.98 |
|   Register               |     0.002 |    20030 |     35200 |           56.90 |
|   CARRY4                 |     0.001 |      743 |      4400 |           16.89 |
|   LUT as Shift Register  |     0.001 |     1260 |      6000 |           21.00 |
|   F7/F8 Muxes            |    <0.001 |      144 |     17600 |            0.82 |
|   LUT as Distributed RAM |    <0.001 |      133 |      6000 |            2.22 |
|   Others                 |     0.000 |     2913 |       --- |             --- |
| Signals                  |     0.030 |    28399 |       --- |             --- |
| Block RAM                |     0.022 |     29.5 |        60 |           49.17 |
| DSPs                     |     0.012 |       16 |        80 |           20.00 |
| I/O                      |     0.036 |       50 |       100 |           50.00 |
| PS7                      |     1.013 |        1 |       --- |             --- |
| Static Power             |     0.113 |          |           |                 |
| Total                    |     1.291 |          |           |                 |
+--------------------------+-----------+----------+-----------+-----------------+


1.2 Power Supply Summary
------------------------

+-----------+-------------+-----------+-------------+------------+-------------+-------------+------------+
| Source    | Voltage (V) | Total (A) | Dynamic (A) | Static (A) | Powerup (A) | Budget (A)  | Margin (A) |
+-----------+-------------+-----------+-------------+------------+-------------+-------------+------------+
| Vccint    |       1.000 |     0.136 |       0.130 |      0.005 |       NA    | Unspecified | NA         |
| Vccaux    |       1.800 |     0.011 |       0.005 |      0.006 |       NA    | Unspecified | NA         |
| Vcco33    |       3.300 |     0.003 |       0.002 |      0.001 |       NA    | Unspecified | NA         |
| Vcco25    |       2.500 |     0.000 |       0.000 |      0.000 |       NA    | Unspecified | NA         |
| Vcco18    |       1.800 |     0.011 |       0.010 |      0.001 |       NA    | Unspecified | NA         |
| Vcco15    |       1.500 |     0.000 |       0.000 |      0.000 |       NA    | Unspecified | NA         |
| Vcco135   |       1.350 |     0.000 |       0.000 |      0.000 |       NA    | Unspecified | NA         |
| Vcco12    |       1.200 |     0.000 |       0.000 |      0.000 |       NA    | Unspecified | NA         |
| Vccaux_io |       1.800 |     0.000 |       0.000 |      0.000 |       NA    | Unspecified | NA         |
| Vccbram   |       1.000 |     0.003 |       0.001 |      0.002 |       NA    | Unspecified | NA         |
| MGTAVcc   |       1.000 |     0.000 |       0.000 |      0.000 |       NA    | Unspecified | NA         |
| MGTAVtt   |       1.200 |     0.000 |       0.000 |      0.000 |       NA    | Unspecified | NA         |
| MGTVccaux |       1.800 |     0.000 |       0.000 |      0.000 |       NA    | Unspecified | NA         |
| Vccpint   |       1.000 |     0.592 |       0.571 |      0.021 |       NA    | Unspecified | NA         |
| Vccpaux   |       1.800 |     0.030 |       0.019 |      0.010 |       NA    | Unspecified | NA         |
| Vccpll    |       1.800 |     0.020 |       0.017 |      0.003 |       NA    | Unspecified | NA         |
| Vcco_ddr  |       1.350 |     0.280 |       0.278 |      0.002 |       NA    | Unspecified | NA         |
| Vcco_mio0 |       3.300 |     0.001 |       0.000 |      0.001 |       NA    | Unspecified | NA         |
| Vcco_mio1 |       3.300 |     0.001 |       0.000 |      0.001 |       NA    | Unspecified | NA         |
| Vccadc    |       1.800 |     0.020 |       0.000 |      0.020 |       NA    | Unspecified | NA         |
+-----------+-------------+-----------+-------------+------------+-------------+-------------+------------+


1.3 Confidence Level
--------------------

+-----------------------------+------------+--------------------------------------------------------+------------------------------------------------------------------------------------------------------------+
| User Input Data             | Confidence | Details                                                | Action                                                                                                     |
+-----------------------------+------------+--------------------------------------------------------+------------------------------------------------------------------------------------------------------------+
| Design implementation state | High       | Design is routed                                       |                                                                                                            |
| Clock nodes activity        | High       | User specified more than 95% of clocks                 |                                                                                                            |
| I/O nodes activity          | Low        | More than 75% of inputs are missing user specification | Provide missing input activity with simulation results or by editing the "By Resource Type -> I/Os" view   |
| Internal nodes activity     | Medium     | User specified less than 25% of internal nodes         | Provide missing internal nodes activity with simulation results or by editing the "By Resource Type" views |
| Device models               | High       | Device models are Production                           |                                                                                                            |
|                             |            |                                                        |                                                                                                            |
| Overall confidence level    | Low        |                                                        |                                                                                                            |
+-----------------------------+------------+--------------------------------------------------------+------------------------------------------------------------------------------------------------------------+


2. Settings
-----------

2.1 Environment
---------------

+-----------------------+----------------------+
| Ambient Temp (C)      | 25.0                 |
| ThetaJA (C/W)         | 6.0                  |
| Airflow (LFM)         | 250                  |
| Heat Sink             | low (Low Profile)    |
| ThetaSA (C/W)         | 0.0                  |
| Board Selection       | small (4"x4")        |
| # of Board Layers     | 4to7 (4 to 7 Layers) |
| Board Temperature (C) | 25.0                 |
+-----------------------+----------------------+


2.2 Clock Constraints
---------------------

+--------------------------------------------------------------------------------------------+-------------------------------------------------------------------------------------------------------------------------+-----------------+
| Clock                                                                                      | Domain                                                                                                                  | Constraint (ns) |
+--------------------------------------------------------------------------------------------+-------------------------------------------------------------------------------------------------------------------------+-----------------+
| clk_fpga_0                                                                                 | top_i/processing_system7_0/inst/FCLK_CLK_unbuffered[0]                                                                  |            12.5 |
| clk_fpga_1                                                                                 | top_i/processing_system7_0/inst/FCLK_CLK1                                                                               |             5.0 |
| data_clk                                                                                   | data_clk                                                                                                                |            16.3 |
| dbg_hub/inst/BSCANID.u_xsdbm_id/SWITCH_N_EXT_BSCAN.bscan_inst/SERIES7_BSCAN.bscan_inst/TCK | dbg_hub/inst/BSCANID.u_xsdbm_id/SWITCH_N_EXT_BSCAN.bscan_inst/TCK                                                       |            33.0 |
| mipi_phy_if_clk_hs_p_0                                                                     | mipi_phy_if_clk_hs_p_0                                                                                                  |             2.2 |
| rxbyteclkhs                                                                                | top_i/mipi_csi2_rx_subsyst_0/inst/phy/inst/inst/bd_882f_phy_0_rx_support_i/slave_rx.bd_882f_phy_0_rx_ioi_i/div4_clk_out |             8.9 |
+--------------------------------------------------------------------------------------------+-------------------------------------------------------------------------------------------------------------------------+-----------------+


3. Detailed Reports
-------------------

3.1 By Hierarchy
----------------

+----------------------------+-----------+
| Name                       | Power (W) |
+----------------------------+-----------+
| top_wrapper                |     1.178 |
|   IIC_0_0_scl_iobuf        |     0.004 |
|   IIC_0_0_sda_iobuf        |     0.004 |
|   dbg_hub                  |     0.003 |
|     inst                   |     0.003 |
|       BSCANID.u_xsdbm_id   |     0.003 |
|   top_i                    |     1.147 |
|     axi_dma_0              |     0.004 |
|       U0                   |     0.004 |
|     axi_mem_intercon       |     0.001 |
|       s00_couplers         |     0.001 |
|     blk_mem_gen_0          |     0.002 |
|       U0                   |     0.002 |
|     ila_0                  |     0.005 |
|       inst                 |     0.005 |
|     ila_1                  |     0.004 |
|       inst                 |     0.004 |
|     ila_2                  |     0.005 |
|       inst                 |     0.005 |
|     ila_3                  |     0.003 |
|       inst                 |     0.003 |
|     ila_4                  |     0.005 |
|       inst                 |     0.005 |
|     ila_5                  |     0.004 |
|       inst                 |     0.004 |
|     mipi_csi2_rx_subsyst_0 |     0.029 |
|       inst                 |     0.029 |
|     output_mux_0           |     0.008 |
|       inst                 |     0.008 |
|     processing_system7_0   |     1.015 |
|       inst                 |     1.015 |
|     ps7_0_axi_periph       |     0.011 |
|       m00_couplers         |     0.002 |
|       m01_couplers         |     0.002 |
|       m02_couplers         |     0.002 |
|       xbar                 |     0.004 |
|     xfft_1                 |     0.049 |
|       U0                   |     0.049 |
+----------------------------+-----------+


