
*** Running vivado
    with args -log top_mipi_csi2_rx_subsyst_0_0.vds -m64 -product Vivado -mode batch -messageDb vivado.pb -notrace -source top_mipi_csi2_rx_subsyst_0_0.tcl


ECHO is off.
ECHO is off.

****** Vivado v2023.1 (64-bit)
  **** SW Build 3865809 on Sun May  7 15:05:29 MDT 2023
  **** IP Build 3864474 on Sun May  7 20:36:21 MDT 2023
  **** SharedData Build 3865790 on Sun May 07 13:33:03 MDT 2023
    ** Copyright 1986-2022 Xilinx, Inc. All Rights Reserved.
    ** Copyright 2022-2023 Advanced Micro Devices, Inc. All Rights Reserved.

source top_mipi_csi2_rx_subsyst_0_0.tcl -notrace
INFO: [IP_Flow 19-234] Refreshing IP repositories
INFO: [IP_Flow 19-1700] Loaded user IP repository 'c:/FPGA/ip_repo/axi_register_1_0'.
INFO: [IP_Flow 19-1700] Loaded user IP repository 'c:/FPGA/ip_repo/ip'.
INFO: [IP_Flow 19-2313] Loaded Vivado IP repository 'C:/Xilinx/Vivado/2023.1/data/ip'.
INFO: [IP_Flow 19-6924] IPCACHE: Running cache check for IP inst: top_mipi_csi2_rx_subsyst_0_0
Command: synth_design -top top_mipi_csi2_rx_subsyst_0_0 -part xc7z010clg400-2 -incremental_mode off -mode out_of_context
Starting synth_design
Attempting to get a license for feature 'Synthesis' and/or device 'xc7z010'
INFO: [Common 17-349] Got license for feature 'Synthesis' and/or device 'xc7z010'
INFO: [Device 21-403] Loading part xc7z010clg400-2
INFO: [Synth 8-7079] Multithreading enabled for synth_design using a maximum of 2 processes.
INFO: [Synth 8-7078] Launching helper process for spawning children vivado processes
INFO: [Synth 8-7075] Helper process launched with PID 28480
---------------------------------------------------------------------------------
Starting RTL Elaboration : Time (s): cpu = 00:00:01 ; elapsed = 00:00:03 . Memory (MB): peak = 1353.844 ; gain = 409.102
---------------------------------------------------------------------------------
INFO: [Synth 8-6157] synthesizing module 'top_mipi_csi2_rx_subsyst_0_0' [c:/FPGA/NanoVTX/NanoVTX.gen/sources_1/bd/top/ip/top_mipi_csi2_rx_subsyst_0_0/synth/top_mipi_csi2_rx_subsyst_0_0.v:53]
INFO: [Synth 8-6157] synthesizing module 'bd_882f' [c:/FPGA/NanoVTX/NanoVTX.gen/sources_1/bd/top/ip/top_mipi_csi2_rx_subsyst_0_0/bd_0/synth/bd_882f.v:10]
INFO: [Synth 8-6157] synthesizing module 'bd_882f_phy_0' [C:/FPGA/NanoVTX/NanoVTX.runs/top_mipi_csi2_rx_subsyst_0_0_synth_1/.Xil/Vivado-22648-DESKTOP-EV5Q276/realtime/bd_882f_phy_0_stub.v:6]
INFO: [Synth 8-6155] done synthesizing module 'bd_882f_phy_0' (0#1) [C:/FPGA/NanoVTX/NanoVTX.runs/top_mipi_csi2_rx_subsyst_0_0_synth_1/.Xil/Vivado-22648-DESKTOP-EV5Q276/realtime/bd_882f_phy_0_stub.v:6]
WARNING: [Synth 8-7071] port 'init_done' of module 'bd_882f_phy_0' is unconnected for instance 'phy' [c:/FPGA/NanoVTX/NanoVTX.gen/sources_1/bd/top/ip/top_mipi_csi2_rx_subsyst_0_0/bd_0/synth/bd_882f.v:242]
WARNING: [Synth 8-7071] port 'cl_rxclkactivehs' of module 'bd_882f_phy_0' is unconnected for instance 'phy' [c:/FPGA/NanoVTX/NanoVTX.gen/sources_1/bd/top/ip/top_mipi_csi2_rx_subsyst_0_0/bd_0/synth/bd_882f.v:242]
WARNING: [Synth 8-7071] port 'cl_ulpsactivenot' of module 'bd_882f_phy_0' is unconnected for instance 'phy' [c:/FPGA/NanoVTX/NanoVTX.gen/sources_1/bd/top/ip/top_mipi_csi2_rx_subsyst_0_0/bd_0/synth/bd_882f.v:242]
WARNING: [Synth 8-7071] port 'dl0_ulpsactivenot' of module 'bd_882f_phy_0' is unconnected for instance 'phy' [c:/FPGA/NanoVTX/NanoVTX.gen/sources_1/bd/top/ip/top_mipi_csi2_rx_subsyst_0_0/bd_0/synth/bd_882f.v:242]
WARNING: [Synth 8-7071] port 'dl0_rxclkesc' of module 'bd_882f_phy_0' is unconnected for instance 'phy' [c:/FPGA/NanoVTX/NanoVTX.gen/sources_1/bd/top/ip/top_mipi_csi2_rx_subsyst_0_0/bd_0/synth/bd_882f.v:242]
WARNING: [Synth 8-7071] port 'dl0_rxlpdtesc' of module 'bd_882f_phy_0' is unconnected for instance 'phy' [c:/FPGA/NanoVTX/NanoVTX.gen/sources_1/bd/top/ip/top_mipi_csi2_rx_subsyst_0_0/bd_0/synth/bd_882f.v:242]
WARNING: [Synth 8-7071] port 'dl0_rxtriggeresc' of module 'bd_882f_phy_0' is unconnected for instance 'phy' [c:/FPGA/NanoVTX/NanoVTX.gen/sources_1/bd/top/ip/top_mipi_csi2_rx_subsyst_0_0/bd_0/synth/bd_882f.v:242]
WARNING: [Synth 8-7071] port 'dl0_rxdataesc' of module 'bd_882f_phy_0' is unconnected for instance 'phy' [c:/FPGA/NanoVTX/NanoVTX.gen/sources_1/bd/top/ip/top_mipi_csi2_rx_subsyst_0_0/bd_0/synth/bd_882f.v:242]
WARNING: [Synth 8-7071] port 'dl0_rxvalidesc' of module 'bd_882f_phy_0' is unconnected for instance 'phy' [c:/FPGA/NanoVTX/NanoVTX.gen/sources_1/bd/top/ip/top_mipi_csi2_rx_subsyst_0_0/bd_0/synth/bd_882f.v:242]
WARNING: [Synth 8-7071] port 'dl0_errsyncesc' of module 'bd_882f_phy_0' is unconnected for instance 'phy' [c:/FPGA/NanoVTX/NanoVTX.gen/sources_1/bd/top/ip/top_mipi_csi2_rx_subsyst_0_0/bd_0/synth/bd_882f.v:242]
WARNING: [Synth 8-7071] port 'dl1_ulpsactivenot' of module 'bd_882f_phy_0' is unconnected for instance 'phy' [c:/FPGA/NanoVTX/NanoVTX.gen/sources_1/bd/top/ip/top_mipi_csi2_rx_subsyst_0_0/bd_0/synth/bd_882f.v:242]
WARNING: [Synth 8-7071] port 'dl1_rxclkesc' of module 'bd_882f_phy_0' is unconnected for instance 'phy' [c:/FPGA/NanoVTX/NanoVTX.gen/sources_1/bd/top/ip/top_mipi_csi2_rx_subsyst_0_0/bd_0/synth/bd_882f.v:242]
WARNING: [Synth 8-7071] port 'dl1_rxlpdtesc' of module 'bd_882f_phy_0' is unconnected for instance 'phy' [c:/FPGA/NanoVTX/NanoVTX.gen/sources_1/bd/top/ip/top_mipi_csi2_rx_subsyst_0_0/bd_0/synth/bd_882f.v:242]
WARNING: [Synth 8-7071] port 'dl1_rxtriggeresc' of module 'bd_882f_phy_0' is unconnected for instance 'phy' [c:/FPGA/NanoVTX/NanoVTX.gen/sources_1/bd/top/ip/top_mipi_csi2_rx_subsyst_0_0/bd_0/synth/bd_882f.v:242]
WARNING: [Synth 8-7071] port 'dl1_rxdataesc' of module 'bd_882f_phy_0' is unconnected for instance 'phy' [c:/FPGA/NanoVTX/NanoVTX.gen/sources_1/bd/top/ip/top_mipi_csi2_rx_subsyst_0_0/bd_0/synth/bd_882f.v:242]
WARNING: [Synth 8-7071] port 'dl1_rxvalidesc' of module 'bd_882f_phy_0' is unconnected for instance 'phy' [c:/FPGA/NanoVTX/NanoVTX.gen/sources_1/bd/top/ip/top_mipi_csi2_rx_subsyst_0_0/bd_0/synth/bd_882f.v:242]
WARNING: [Synth 8-7071] port 'dl1_errsyncesc' of module 'bd_882f_phy_0' is unconnected for instance 'phy' [c:/FPGA/NanoVTX/NanoVTX.gen/sources_1/bd/top/ip/top_mipi_csi2_rx_subsyst_0_0/bd_0/synth/bd_882f.v:242]
WARNING: [Synth 8-7023] instance 'phy' of module 'bd_882f_phy_0' has 75 connections declared, but only 58 given [c:/FPGA/NanoVTX/NanoVTX.gen/sources_1/bd/top/ip/top_mipi_csi2_rx_subsyst_0_0/bd_0/synth/bd_882f.v:242]
INFO: [Synth 8-6157] synthesizing module 'bd_882f_r_sync_0' [C:/FPGA/NanoVTX/NanoVTX.runs/top_mipi_csi2_rx_subsyst_0_0_synth_1/.Xil/Vivado-22648-DESKTOP-EV5Q276/realtime/bd_882f_r_sync_0_stub.v:6]
INFO: [Synth 8-6155] done synthesizing module 'bd_882f_r_sync_0' (0#1) [C:/FPGA/NanoVTX/NanoVTX.runs/top_mipi_csi2_rx_subsyst_0_0_synth_1/.Xil/Vivado-22648-DESKTOP-EV5Q276/realtime/bd_882f_r_sync_0_stub.v:6]
WARNING: [Synth 8-7071] port 'mb_reset' of module 'bd_882f_r_sync_0' is unconnected for instance 'r_sync' [c:/FPGA/NanoVTX/NanoVTX.gen/sources_1/bd/top/ip/top_mipi_csi2_rx_subsyst_0_0/bd_0/synth/bd_882f.v:301]
WARNING: [Synth 8-7071] port 'bus_struct_reset' of module 'bd_882f_r_sync_0' is unconnected for instance 'r_sync' [c:/FPGA/NanoVTX/NanoVTX.gen/sources_1/bd/top/ip/top_mipi_csi2_rx_subsyst_0_0/bd_0/synth/bd_882f.v:301]
WARNING: [Synth 8-7071] port 'interconnect_aresetn' of module 'bd_882f_r_sync_0' is unconnected for instance 'r_sync' [c:/FPGA/NanoVTX/NanoVTX.gen/sources_1/bd/top/ip/top_mipi_csi2_rx_subsyst_0_0/bd_0/synth/bd_882f.v:301]
WARNING: [Synth 8-7071] port 'peripheral_aresetn' of module 'bd_882f_r_sync_0' is unconnected for instance 'r_sync' [c:/FPGA/NanoVTX/NanoVTX.gen/sources_1/bd/top/ip/top_mipi_csi2_rx_subsyst_0_0/bd_0/synth/bd_882f.v:301]
WARNING: [Synth 8-7023] instance 'r_sync' of module 'bd_882f_r_sync_0' has 10 connections declared, but only 6 given [c:/FPGA/NanoVTX/NanoVTX.gen/sources_1/bd/top/ip/top_mipi_csi2_rx_subsyst_0_0/bd_0/synth/bd_882f.v:301]
INFO: [Synth 8-6157] synthesizing module 'bd_882f_rx_0' [C:/FPGA/NanoVTX/NanoVTX.runs/top_mipi_csi2_rx_subsyst_0_0_synth_1/.Xil/Vivado-22648-DESKTOP-EV5Q276/realtime/bd_882f_rx_0_stub.v:6]
INFO: [Synth 8-6155] done synthesizing module 'bd_882f_rx_0' (0#1) [C:/FPGA/NanoVTX/NanoVTX.runs/top_mipi_csi2_rx_subsyst_0_0_synth_1/.Xil/Vivado-22648-DESKTOP-EV5Q276/realtime/bd_882f_rx_0_stub.v:6]
INFO: [Synth 8-6157] synthesizing module 'bd_882f_xbar_0' [C:/FPGA/NanoVTX/NanoVTX.runs/top_mipi_csi2_rx_subsyst_0_0_synth_1/.Xil/Vivado-22648-DESKTOP-EV5Q276/realtime/bd_882f_xbar_0_stub.v:6]
INFO: [Synth 8-6155] done synthesizing module 'bd_882f_xbar_0' (0#1) [C:/FPGA/NanoVTX/NanoVTX.runs/top_mipi_csi2_rx_subsyst_0_0_synth_1/.Xil/Vivado-22648-DESKTOP-EV5Q276/realtime/bd_882f_xbar_0_stub.v:6]
WARNING: [Synth 8-7071] port 'm_axi_awprot' of module 'bd_882f_xbar_0' is unconnected for instance 'xbar' [c:/FPGA/NanoVTX/NanoVTX.gen/sources_1/bd/top/ip/top_mipi_csi2_rx_subsyst_0_0/bd_0/synth/bd_882f.v:374]
WARNING: [Synth 8-7071] port 'm_axi_arprot' of module 'bd_882f_xbar_0' is unconnected for instance 'xbar' [c:/FPGA/NanoVTX/NanoVTX.gen/sources_1/bd/top/ip/top_mipi_csi2_rx_subsyst_0_0/bd_0/synth/bd_882f.v:374]
WARNING: [Synth 8-7023] instance 'xbar' of module 'bd_882f_xbar_0' has 40 connections declared, but only 38 given [c:/FPGA/NanoVTX/NanoVTX.gen/sources_1/bd/top/ip/top_mipi_csi2_rx_subsyst_0_0/bd_0/synth/bd_882f.v:374]
INFO: [Synth 8-6155] done synthesizing module 'bd_882f' (0#1) [c:/FPGA/NanoVTX/NanoVTX.gen/sources_1/bd/top/ip/top_mipi_csi2_rx_subsyst_0_0/bd_0/synth/bd_882f.v:10]
INFO: [Synth 8-6155] done synthesizing module 'top_mipi_csi2_rx_subsyst_0_0' (0#1) [c:/FPGA/NanoVTX/NanoVTX.gen/sources_1/bd/top/ip/top_mipi_csi2_rx_subsyst_0_0/synth/top_mipi_csi2_rx_subsyst_0_0.v:53]
---------------------------------------------------------------------------------
Finished RTL Elaboration : Time (s): cpu = 00:00:01 ; elapsed = 00:00:04 . Memory (MB): peak = 1450.668 ; gain = 505.926
---------------------------------------------------------------------------------
---------------------------------------------------------------------------------
Start Handling Custom Attributes
---------------------------------------------------------------------------------
---------------------------------------------------------------------------------
Finished Handling Custom Attributes : Time (s): cpu = 00:00:01 ; elapsed = 00:00:04 . Memory (MB): peak = 1450.668 ; gain = 505.926
---------------------------------------------------------------------------------
---------------------------------------------------------------------------------
Finished RTL Optimization Phase 1 : Time (s): cpu = 00:00:01 ; elapsed = 00:00:04 . Memory (MB): peak = 1450.668 ; gain = 505.926
---------------------------------------------------------------------------------
Netlist sorting complete. Time (s): cpu = 00:00:00 ; elapsed = 00:00:00.004 . Memory (MB): peak = 1450.668 ; gain = 0.000
INFO: [Project 1-570] Preparing netlist for logic optimization

Processing XDC Constraints
Initializing timing engine
Parsing XDC File [c:/FPGA/NanoVTX/NanoVTX.gen/sources_1/bd/top/ip/top_mipi_csi2_rx_subsyst_0_0/bd_0/ip/ip_0/bd_882f_xbar_0/bd_882f_xbar_0_in_context.xdc] for cell 'inst/xbar'
Finished Parsing XDC File [c:/FPGA/NanoVTX/NanoVTX.gen/sources_1/bd/top/ip/top_mipi_csi2_rx_subsyst_0_0/bd_0/ip/ip_0/bd_882f_xbar_0/bd_882f_xbar_0_in_context.xdc] for cell 'inst/xbar'
Parsing XDC File [c:/FPGA/NanoVTX/NanoVTX.gen/sources_1/bd/top/ip/top_mipi_csi2_rx_subsyst_0_0/bd_0/ip/ip_1/bd_882f_r_sync_0/bd_882f_r_sync_0_in_context.xdc] for cell 'inst/r_sync'
Finished Parsing XDC File [c:/FPGA/NanoVTX/NanoVTX.gen/sources_1/bd/top/ip/top_mipi_csi2_rx_subsyst_0_0/bd_0/ip/ip_1/bd_882f_r_sync_0/bd_882f_r_sync_0_in_context.xdc] for cell 'inst/r_sync'
Parsing XDC File [c:/FPGA/NanoVTX/NanoVTX.gen/sources_1/bd/top/ip/top_mipi_csi2_rx_subsyst_0_0/bd_0/ip/ip_2/bd_882f_rx_0/bd_882f_rx_0_in_context.xdc] for cell 'inst/rx'
Finished Parsing XDC File [c:/FPGA/NanoVTX/NanoVTX.gen/sources_1/bd/top/ip/top_mipi_csi2_rx_subsyst_0_0/bd_0/ip/ip_2/bd_882f_rx_0/bd_882f_rx_0_in_context.xdc] for cell 'inst/rx'
Parsing XDC File [c:/FPGA/NanoVTX/NanoVTX.gen/sources_1/bd/top/ip/top_mipi_csi2_rx_subsyst_0_0/bd_0/ip/ip_3/bd_882f_phy_0/bd_882f_phy_0_in_context.xdc] for cell 'inst/phy'
Finished Parsing XDC File [c:/FPGA/NanoVTX/NanoVTX.gen/sources_1/bd/top/ip/top_mipi_csi2_rx_subsyst_0_0/bd_0/ip/ip_3/bd_882f_phy_0/bd_882f_phy_0_in_context.xdc] for cell 'inst/phy'
Parsing XDC File [c:/FPGA/NanoVTX/NanoVTX.gen/sources_1/bd/top/ip/top_mipi_csi2_rx_subsyst_0_0/top_mipi_csi2_rx_subsyst_0_0_fixed_ooc.xdc] for cell 'inst'
Finished Parsing XDC File [c:/FPGA/NanoVTX/NanoVTX.gen/sources_1/bd/top/ip/top_mipi_csi2_rx_subsyst_0_0/top_mipi_csi2_rx_subsyst_0_0_fixed_ooc.xdc] for cell 'inst'
Parsing XDC File [c:/FPGA/NanoVTX/NanoVTX.gen/sources_1/bd/top/ip/top_mipi_csi2_rx_subsyst_0_0/top_mipi_csi2_rx_subsyst_0_0_board.xdc] for cell 'inst'
Finished Parsing XDC File [c:/FPGA/NanoVTX/NanoVTX.gen/sources_1/bd/top/ip/top_mipi_csi2_rx_subsyst_0_0/top_mipi_csi2_rx_subsyst_0_0_board.xdc] for cell 'inst'
Parsing XDC File [C:/FPGA/NanoVTX/NanoVTX.runs/top_mipi_csi2_rx_subsyst_0_0_synth_1/dont_touch.xdc]
Finished Parsing XDC File [C:/FPGA/NanoVTX/NanoVTX.runs/top_mipi_csi2_rx_subsyst_0_0_synth_1/dont_touch.xdc]
Completed Processing XDC Constraints

Netlist sorting complete. Time (s): cpu = 00:00:00 ; elapsed = 00:00:00 . Memory (MB): peak = 1475.414 ; gain = 0.000
INFO: [Project 1-111] Unisim Transformation Summary:
No Unisim elements were transformed.

Constraint Validation Runtime : Time (s): cpu = 00:00:00 ; elapsed = 00:00:00.012 . Memory (MB): peak = 1475.414 ; gain = 0.000
INFO: [Designutils 20-5008] Incremental synthesis strategy off
---------------------------------------------------------------------------------
Finished Constraint Validation : Time (s): cpu = 00:00:02 ; elapsed = 00:00:07 . Memory (MB): peak = 1475.414 ; gain = 530.672
---------------------------------------------------------------------------------
---------------------------------------------------------------------------------
Start Loading Part and Timing Information
---------------------------------------------------------------------------------
Loading part: xc7z010clg400-2
---------------------------------------------------------------------------------
Finished Loading Part and Timing Information : Time (s): cpu = 00:00:02 ; elapsed = 00:00:07 . Memory (MB): peak = 1475.414 ; gain = 530.672
---------------------------------------------------------------------------------
---------------------------------------------------------------------------------
Start Applying 'set_property' XDC Constraints
---------------------------------------------------------------------------------
Applied set_property IO_BUFFER_TYPE = NONE for mipi_phy_if_clk_hs_n. (constraint file  c:/FPGA/NanoVTX/NanoVTX.gen/sources_1/bd/top/ip/top_mipi_csi2_rx_subsyst_0_0/bd_0/ip/ip_3/bd_882f_phy_0/bd_882f_phy_0_in_context.xdc, line 3).
Applied set_property CLOCK_BUFFER_TYPE = NONE for mipi_phy_if_clk_hs_n. (constraint file  c:/FPGA/NanoVTX/NanoVTX.gen/sources_1/bd/top/ip/top_mipi_csi2_rx_subsyst_0_0/bd_0/ip/ip_3/bd_882f_phy_0/bd_882f_phy_0_in_context.xdc, line 4).
Applied set_property IO_BUFFER_TYPE = NONE for mipi_phy_if_clk_hs_p. (constraint file  c:/FPGA/NanoVTX/NanoVTX.gen/sources_1/bd/top/ip/top_mipi_csi2_rx_subsyst_0_0/bd_0/ip/ip_3/bd_882f_phy_0/bd_882f_phy_0_in_context.xdc, line 5).
Applied set_property CLOCK_BUFFER_TYPE = NONE for mipi_phy_if_clk_hs_p. (constraint file  c:/FPGA/NanoVTX/NanoVTX.gen/sources_1/bd/top/ip/top_mipi_csi2_rx_subsyst_0_0/bd_0/ip/ip_3/bd_882f_phy_0/bd_882f_phy_0_in_context.xdc, line 6).
Applied set_property IO_BUFFER_TYPE = NONE for mipi_phy_if_data_hs_n[0]. (constraint file  c:/FPGA/NanoVTX/NanoVTX.gen/sources_1/bd/top/ip/top_mipi_csi2_rx_subsyst_0_0/bd_0/ip/ip_3/bd_882f_phy_0/bd_882f_phy_0_in_context.xdc, line 7).
Applied set_property CLOCK_BUFFER_TYPE = NONE for mipi_phy_if_data_hs_n[0]. (constraint file  c:/FPGA/NanoVTX/NanoVTX.gen/sources_1/bd/top/ip/top_mipi_csi2_rx_subsyst_0_0/bd_0/ip/ip_3/bd_882f_phy_0/bd_882f_phy_0_in_context.xdc, line 8).
Applied set_property IO_BUFFER_TYPE = NONE for mipi_phy_if_data_hs_n[1]. (constraint file  c:/FPGA/NanoVTX/NanoVTX.gen/sources_1/bd/top/ip/top_mipi_csi2_rx_subsyst_0_0/bd_0/ip/ip_3/bd_882f_phy_0/bd_882f_phy_0_in_context.xdc, line 9).
Applied set_property CLOCK_BUFFER_TYPE = NONE for mipi_phy_if_data_hs_n[1]. (constraint file  c:/FPGA/NanoVTX/NanoVTX.gen/sources_1/bd/top/ip/top_mipi_csi2_rx_subsyst_0_0/bd_0/ip/ip_3/bd_882f_phy_0/bd_882f_phy_0_in_context.xdc, line 10).
Applied set_property IO_BUFFER_TYPE = NONE for mipi_phy_if_data_hs_p[0]. (constraint file  c:/FPGA/NanoVTX/NanoVTX.gen/sources_1/bd/top/ip/top_mipi_csi2_rx_subsyst_0_0/bd_0/ip/ip_3/bd_882f_phy_0/bd_882f_phy_0_in_context.xdc, line 11).
Applied set_property CLOCK_BUFFER_TYPE = NONE for mipi_phy_if_data_hs_p[0]. (constraint file  c:/FPGA/NanoVTX/NanoVTX.gen/sources_1/bd/top/ip/top_mipi_csi2_rx_subsyst_0_0/bd_0/ip/ip_3/bd_882f_phy_0/bd_882f_phy_0_in_context.xdc, line 12).
Applied set_property IO_BUFFER_TYPE = NONE for mipi_phy_if_data_hs_p[1]. (constraint file  c:/FPGA/NanoVTX/NanoVTX.gen/sources_1/bd/top/ip/top_mipi_csi2_rx_subsyst_0_0/bd_0/ip/ip_3/bd_882f_phy_0/bd_882f_phy_0_in_context.xdc, line 13).
Applied set_property CLOCK_BUFFER_TYPE = NONE for mipi_phy_if_data_hs_p[1]. (constraint file  c:/FPGA/NanoVTX/NanoVTX.gen/sources_1/bd/top/ip/top_mipi_csi2_rx_subsyst_0_0/bd_0/ip/ip_3/bd_882f_phy_0/bd_882f_phy_0_in_context.xdc, line 14).
Applied set_property KEEP_HIERARCHY = SOFT for inst. (constraint file  auto generated constraint).
Applied set_property KEEP_HIERARCHY = SOFT for inst/xbar. (constraint file  auto generated constraint).
Applied set_property KEEP_HIERARCHY = SOFT for inst/r_sync. (constraint file  auto generated constraint).
Applied set_property KEEP_HIERARCHY = SOFT for inst/rx. (constraint file  auto generated constraint).
Applied set_property KEEP_HIERARCHY = SOFT for inst/phy. (constraint file  auto generated constraint).
---------------------------------------------------------------------------------
Finished applying 'set_property' XDC Constraints : Time (s): cpu = 00:00:02 ; elapsed = 00:00:08 . Memory (MB): peak = 1475.414 ; gain = 530.672
---------------------------------------------------------------------------------
---------------------------------------------------------------------------------
Finished RTL Optimization Phase 2 : Time (s): cpu = 00:00:02 ; elapsed = 00:00:08 . Memory (MB): peak = 1475.414 ; gain = 530.672
---------------------------------------------------------------------------------
---------------------------------------------------------------------------------
Start RTL Component Statistics 
---------------------------------------------------------------------------------
Detailed RTL Component Info : 
---------------------------------------------------------------------------------
Finished RTL Component Statistics 
---------------------------------------------------------------------------------
---------------------------------------------------------------------------------
Start Part Resource Summary
---------------------------------------------------------------------------------
Part Resources:
DSPs: 80 (col length:40)
BRAMs: 120 (col length: RAMB18 40 RAMB36 20)
---------------------------------------------------------------------------------
Finished Part Resource Summary
---------------------------------------------------------------------------------
---------------------------------------------------------------------------------
Start Cross Boundary and Area Optimization
---------------------------------------------------------------------------------
WARNING: [Synth 8-7080] Parallel synthesis criteria is not met
---------------------------------------------------------------------------------
Finished Cross Boundary and Area Optimization : Time (s): cpu = 00:00:02 ; elapsed = 00:00:09 . Memory (MB): peak = 1475.414 ; gain = 530.672
---------------------------------------------------------------------------------
---------------------------------------------------------------------------------
Start Applying XDC Timing Constraints
---------------------------------------------------------------------------------
---------------------------------------------------------------------------------
Finished Applying XDC Timing Constraints : Time (s): cpu = 00:00:02 ; elapsed = 00:00:12 . Memory (MB): peak = 1475.414 ; gain = 530.672
---------------------------------------------------------------------------------
---------------------------------------------------------------------------------
Start Timing Optimization
---------------------------------------------------------------------------------
---------------------------------------------------------------------------------
Finished Timing Optimization : Time (s): cpu = 00:00:02 ; elapsed = 00:00:12 . Memory (MB): peak = 1475.414 ; gain = 530.672
---------------------------------------------------------------------------------
---------------------------------------------------------------------------------
Start Technology Mapping
---------------------------------------------------------------------------------
---------------------------------------------------------------------------------
Finished Technology Mapping : Time (s): cpu = 00:00:02 ; elapsed = 00:00:12 . Memory (MB): peak = 1475.414 ; gain = 530.672
---------------------------------------------------------------------------------
---------------------------------------------------------------------------------
Start IO Insertion
---------------------------------------------------------------------------------
---------------------------------------------------------------------------------
Start Flattening Before IO Insertion
---------------------------------------------------------------------------------
---------------------------------------------------------------------------------
Finished Flattening Before IO Insertion
---------------------------------------------------------------------------------
---------------------------------------------------------------------------------
Start Final Netlist Cleanup
---------------------------------------------------------------------------------
---------------------------------------------------------------------------------
Finished Final Netlist Cleanup
---------------------------------------------------------------------------------
---------------------------------------------------------------------------------
Finished IO Insertion : Time (s): cpu = 00:00:03 ; elapsed = 00:00:14 . Memory (MB): peak = 1475.414 ; gain = 530.672
---------------------------------------------------------------------------------
---------------------------------------------------------------------------------
Start Renaming Generated Instances
---------------------------------------------------------------------------------
---------------------------------------------------------------------------------
Finished Renaming Generated Instances : Time (s): cpu = 00:00:03 ; elapsed = 00:00:14 . Memory (MB): peak = 1475.414 ; gain = 530.672
---------------------------------------------------------------------------------
---------------------------------------------------------------------------------
Start Rebuilding User Hierarchy
---------------------------------------------------------------------------------
---------------------------------------------------------------------------------
Finished Rebuilding User Hierarchy : Time (s): cpu = 00:00:03 ; elapsed = 00:00:14 . Memory (MB): peak = 1475.414 ; gain = 530.672
---------------------------------------------------------------------------------
---------------------------------------------------------------------------------
Start Renaming Generated Ports
---------------------------------------------------------------------------------
---------------------------------------------------------------------------------
Finished Renaming Generated Ports : Time (s): cpu = 00:00:03 ; elapsed = 00:00:14 . Memory (MB): peak = 1475.414 ; gain = 530.672
---------------------------------------------------------------------------------
---------------------------------------------------------------------------------
Start Handling Custom Attributes
---------------------------------------------------------------------------------
---------------------------------------------------------------------------------
Finished Handling Custom Attributes : Time (s): cpu = 00:00:03 ; elapsed = 00:00:14 . Memory (MB): peak = 1475.414 ; gain = 530.672
---------------------------------------------------------------------------------
---------------------------------------------------------------------------------
Start Renaming Generated Nets
---------------------------------------------------------------------------------
---------------------------------------------------------------------------------
Finished Renaming Generated Nets : Time (s): cpu = 00:00:03 ; elapsed = 00:00:14 . Memory (MB): peak = 1475.414 ; gain = 530.672
---------------------------------------------------------------------------------
---------------------------------------------------------------------------------
Start Writing Synthesis Report
---------------------------------------------------------------------------------

Report BlackBoxes: 
+------+-----------------+----------+
|      |BlackBox name    |Instances |
+------+-----------------+----------+
|1     |bd_882f_phy_0    |         1|
|2     |bd_882f_r_sync_0 |         1|
|3     |bd_882f_rx_0     |         1|
|4     |bd_882f_xbar_0   |         1|
+------+-----------------+----------+

Report Cell Usage: 
+------+---------------+------+
|      |Cell           |Count |
+------+---------------+------+
|1     |bd_882f_phy    |     1|
|2     |bd_882f_r_sync |     1|
|3     |bd_882f_rx     |     1|
|4     |bd_882f_xbar   |     1|
+------+---------------+------+
---------------------------------------------------------------------------------
Finished Writing Synthesis Report : Time (s): cpu = 00:00:03 ; elapsed = 00:00:14 . Memory (MB): peak = 1475.414 ; gain = 530.672
---------------------------------------------------------------------------------
Synthesis finished with 0 errors, 0 critical warnings and 1 warnings.
Synthesis Optimization Runtime : Time (s): cpu = 00:00:02 ; elapsed = 00:00:13 . Memory (MB): peak = 1475.414 ; gain = 505.926
Synthesis Optimization Complete : Time (s): cpu = 00:00:03 ; elapsed = 00:00:14 . Memory (MB): peak = 1475.414 ; gain = 530.672
INFO: [Project 1-571] Translating synthesized netlist
Netlist sorting complete. Time (s): cpu = 00:00:00 ; elapsed = 00:00:00.004 . Memory (MB): peak = 1475.414 ; gain = 0.000
INFO: [Project 1-570] Preparing netlist for logic optimization
INFO: [Opt 31-138] Pushed 0 inverter(s) to 0 load pin(s).
Netlist sorting complete. Time (s): cpu = 00:00:00 ; elapsed = 00:00:00 . Memory (MB): peak = 1485.402 ; gain = 0.000
INFO: [Project 1-111] Unisim Transformation Summary:
No Unisim elements were transformed.

Synth Design complete | Checksum: 22a26f4d
INFO: [Common 17-83] Releasing license: Synthesis
30 Infos, 27 Warnings, 0 Critical Warnings and 0 Errors encountered.
synth_design completed successfully
synth_design: Time (s): cpu = 00:00:04 ; elapsed = 00:00:17 . Memory (MB): peak = 1490.371 ; gain = 951.875
INFO: [Common 17-600] The following parameters have non-default value.
tcl.collectionResultDisplayLimit
INFO: [Common 17-1381] The checkpoint 'C:/FPGA/NanoVTX/NanoVTX.runs/top_mipi_csi2_rx_subsyst_0_0_synth_1/top_mipi_csi2_rx_subsyst_0_0.dcp' has been generated.
INFO: [Coretcl 2-1648] Added synthesis output to IP cache for IP top_mipi_csi2_rx_subsyst_0_0, cache-ID = d367735a0e9f945b
INFO: [Coretcl 2-1174] Renamed 5 cell refs.
INFO: [Common 17-1381] The checkpoint 'C:/FPGA/NanoVTX/NanoVTX.runs/top_mipi_csi2_rx_subsyst_0_0_synth_1/top_mipi_csi2_rx_subsyst_0_0.dcp' has been generated.
INFO: [runtcl-4] Executing : report_utilization -file top_mipi_csi2_rx_subsyst_0_0_utilization_synth.rpt -pb top_mipi_csi2_rx_subsyst_0_0_utilization_synth.pb
INFO: [Common 17-206] Exiting Vivado at Fri Sep 22 20:55:06 2023...
